// Jest Snapshot v1, https://goo.gl/fbAQLP

exports[`app snapshot test 1`] = `
Array [
  <div
    className="wrapper"
  >
    <div
      className="sc-bdVaJa ePwGAR"
    >
      <div
        className="checkbox sc-bwzfXH qbYnJ"
      >
        <h3>
          Room 1
        </h3>
      </div>
      <div
        className="contentWrap"
      >
        <div
          className="content"
        >
          <p>
            Adults
          </p>
          <select
            className="count"
            disabled={false}
            name="adults"
            onChange={[Function]}
            value={1}
          >
            <option
              value="1"
            >
              1
            </option>
            <option
              value="2"
            >
              2
            </option>
          </select>
        </div>
        <div
          className="content"
        >
          <p>
            Children
          </p>
          <select
            className="count"
            disabled={false}
            name="children"
            onChange={[Function]}
            value={0}
          >
            <option
              value="0"
            >
              0
            </option>
            <option
              value="1"
            >
              1
            </option>
            <option
              value="2"
            >
              2
            </option>
          </select>
        </div>
      </div>
    </div>
    <div
      className="sc-bdVaJa krJPNO"
    >
      <div
        className="checkbox sc-bwzfXH bWWgdF"
      >
        <input
          checked={false}
          onChange={[Function]}
          type="checkbox"
        />
        <h3>
          Room 2
        </h3>
      </div>
      <div
        className="contentWrap"
      >
        <div
          className="content"
        >
          <p>
            Adults
          </p>
          <select
            className="count"
            disabled={true}
            name="adults"
            onChange={[Function]}
            value={1}
          >
            <option
              value="1"
            >
              1
            </option>
            <option
              value="2"
            >
              2
            </option>
          </select>
        </div>
        <div
          className="content"
        >
          <p>
            Children
          </p>
          <select
            className="count"
            disabled={true}
            name="children"
            onChange={[Function]}
            value={0}
          >
            <option
              value="0"
            >
              0
            </option>
            <option
              value="1"
            >
              1
            </option>
            <option
              value="2"
            >
              2
            </option>
          </select>
        </div>
      </div>
    </div>
    <div
      className="sc-bdVaJa krJPNO"
    >
      <div
        className="checkbox sc-bwzfXH bWWgdF"
      >
        <input
          checked={false}
          onChange={[Function]}
          type="checkbox"
        />
        <h3>
          Room 3
        </h3>
      </div>
      <div
        className="contentWrap"
      >
        <div
          className="content"
        >
          <p>
            Adults
          </p>
          <select
            className="count"
            disabled={true}
            name="adults"
            onChange={[Function]}
            value={1}
          >
            <option
              value="1"
            >
              1
            </option>
            <option
              value="2"
            >
              2
            </option>
          </select>
        </div>
        <div
          className="content"
        >
          <p>
            Children
          </p>
          <select
            className="count"
            disabled={true}
            name="children"
            onChange={[Function]}
            value={0}
          >
            <option
              value="0"
            >
              0
            </option>
            <option
              value="1"
            >
              1
            </option>
            <option
              value="2"
            >
              2
            </option>
          </select>
        </div>
      </div>
    </div>
    <div
      className="sc-bdVaJa krJPNO"
    >
      <div
        className="checkbox sc-bwzfXH bWWgdF"
      >
        <input
          checked={false}
          onChange={[Function]}
          type="checkbox"
        />
        <h3>
          Room 4
        </h3>
      </div>
      <div
        className="contentWrap"
      >
        <div
          className="content"
        >
          <p>
            Adults
          </p>
          <select
            className="count"
            disabled={true}
            name="adults"
            onChange={[Function]}
            value={1}
          >
            <option
              value="1"
            >
              1
            </option>
            <option
              value="2"
            >
              2
            </option>
          </select>
        </div>
        <div
          className="content"
        >
          <p>
            Children
          </p>
          <select
            className="count"
            disabled={true}
            name="children"
            onChange={[Function]}
            value={0}
          >
            <option
              value="0"
            >
              0
            </option>
            <option
              value="1"
            >
              1
            </option>
            <option
              value="2"
            >
              2
            </option>
          </select>
        </div>
      </div>
    </div>
  </div>,
  <button
    className="submit"
    onClick={[Function]}
  >
    Submit
  </button>,
]
`;
